Archive member included because of file (symbol)

c:/winavr-20100110/bin/../lib/gcc/avr/4.3.3/avr5\libgcc.a(_exit.o)
                              c:/winavr-20100110/bin/../lib/gcc/avr/4.3.3/../../../../avr/lib/avr5/crtm328p.o (exit)

Memory Configuration

Name             Origin             Length             Attributes
text             0x00000000         0x00020000         xr
data             0x00800060         0x0000ffa0         rw !x
eeprom           0x00810000         0x00010000         rw !x
fuse             0x00820000         0x00000400         rw !x
lock             0x00830000         0x00000400         rw !x
signature        0x00840000         0x00000400         rw !x
*default*        0x00000000         0xffffffff

Linker script and memory map

Address of section .data set to 0x800100
LOAD c:/winavr-20100110/bin/../lib/gcc/avr/4.3.3/../../../../avr/lib/avr5/crtm328p.o
LOAD IRComms.o
LOAD i2c_master.o
LOAD c:/winavr-20100110/bin/../lib/gcc/avr/4.3.3/avr5\libgcc.a
LOAD c:/winavr-20100110/bin/../lib/gcc/avr/4.3.3/../../../../avr/lib/avr5\libc.a
LOAD c:/winavr-20100110/bin/../lib/gcc/avr/4.3.3/avr5\libgcc.a

.hash
 *(.hash)

.dynsym
 *(.dynsym)

.dynstr
 *(.dynstr)

.gnu.version
 *(.gnu.version)

.gnu.version_d
 *(.gnu.version_d)

.gnu.version_r
 *(.gnu.version_r)

.rel.init
 *(.rel.init)

.rela.init
 *(.rela.init)

.rel.text
 *(.rel.text)
 *(.rel.text.*)
 *(.rel.gnu.linkonce.t*)

.rela.text
 *(.rela.text)
 *(.rela.text.*)
 *(.rela.gnu.linkonce.t*)

.rel.fini
 *(.rel.fini)

.rela.fini
 *(.rela.fini)

.rel.rodata
 *(.rel.rodata)
 *(.rel.rodata.*)
 *(.rel.gnu.linkonce.r*)

.rela.rodata
 *(.rela.rodata)
 *(.rela.rodata.*)
 *(.rela.gnu.linkonce.r*)

.rel.data
 *(.rel.data)
 *(.rel.data.*)
 *(.rel.gnu.linkonce.d*)

.rela.data
 *(.rela.data)
 *(.rela.data.*)
 *(.rela.gnu.linkonce.d*)

.rel.ctors
 *(.rel.ctors)

.rela.ctors
 *(.rela.ctors)

.rel.dtors
 *(.rel.dtors)

.rela.dtors
 *(.rela.dtors)

.rel.got
 *(.rel.got)

.rela.got
 *(.rela.got)

.rel.bss
 *(.rel.bss)

.rela.bss
 *(.rela.bss)

.rel.plt
 *(.rel.plt)

.rela.plt
 *(.rela.plt)

.text           0x00000000      0x38e
 *(.vectors)
 .vectors       0x00000000       0x68 c:/winavr-20100110/bin/../lib/gcc/avr/4.3.3/../../../../avr/lib/avr5/crtm328p.o
                0x00000000                __vectors
                0x00000000                __vector_default
 *(.vectors)
 *(.progmem.gcc*)
 *(.progmem*)
                0x00000068                . = ALIGN (0x2)
                0x00000068                __trampolines_start = .
 *(.trampolines)
 .trampolines   0x00000068        0x0 linker stubs
 *(.trampolines*)
                0x00000068                __trampolines_end = .
 *(.jumptables)
 *(.jumptables*)
 *(.lowtext)
 *(.lowtext*)
                0x00000068                __ctors_start = .
 *(.ctors)
                0x00000068                __ctors_end = .
                0x00000068                __dtors_start = .
 *(.dtors)
                0x00000068                __dtors_end = .
 SORT(*)(.ctors)
 SORT(*)(.dtors)
 *(.init0)
 .init0         0x00000068        0x0 c:/winavr-20100110/bin/../lib/gcc/avr/4.3.3/../../../../avr/lib/avr5/crtm328p.o
                0x00000068                __init
 *(.init0)
 *(.init1)
 *(.init1)
 *(.init2)
 .init2         0x00000068        0xc c:/winavr-20100110/bin/../lib/gcc/avr/4.3.3/../../../../avr/lib/avr5/crtm328p.o
 *(.init2)
 *(.init3)
 *(.init3)
 *(.init4)
 *(.init4)
 *(.init5)
 *(.init5)
 *(.init6)
 *(.init6)
 *(.init7)
 *(.init7)
 *(.init8)
 *(.init8)
 *(.init9)
 .init9         0x00000074        0x8 c:/winavr-20100110/bin/../lib/gcc/avr/4.3.3/../../../../avr/lib/avr5/crtm328p.o
 *(.init9)
 *(.text)
 .text          0x0000007c        0x4 c:/winavr-20100110/bin/../lib/gcc/avr/4.3.3/../../../../avr/lib/avr5/crtm328p.o
                0x0000007c                __vector_22
                0x0000007c                __vector_1
                0x0000007c                __vector_24
                0x0000007c                __vector_12
                0x0000007c                __bad_interrupt
                0x0000007c                __vector_6
                0x0000007c                __vector_3
                0x0000007c                __vector_23
                0x0000007c                __vector_25
                0x0000007c                __vector_11
                0x0000007c                __vector_13
                0x0000007c                __vector_17
                0x0000007c                __vector_19
                0x0000007c                __vector_7
                0x0000007c                __vector_5
                0x0000007c                __vector_4
                0x0000007c                __vector_9
                0x0000007c                __vector_2
                0x0000007c                __vector_21
                0x0000007c                __vector_15
                0x0000007c                __vector_8
                0x0000007c                __vector_14
                0x0000007c                __vector_10
                0x0000007c                __vector_16
                0x0000007c                __vector_18
                0x0000007c                __vector_20
 .text          0x00000080       0xb4 IRComms.o
                0x00000080                imu_init
                0x00000082                whoAmI
                0x000000c4                main
 .text          0x00000134      0x256 i2c_master.o
                0x00000182                i2c_write
                0x000001ba                i2c_read_nack
                0x000001a6                i2c_read_ack
                0x000002f0                i2c_readReg
                0x0000021e                i2c_receive
                0x0000013c                i2c_start
                0x000001ce                i2c_transmit
                0x00000382                i2c_stop
                0x00000134                i2c_init
                0x00000294                i2c_writeReg
 .text          0x0000038a        0x0 c:/winavr-20100110/bin/../lib/gcc/avr/4.3.3/avr5\libgcc.a(_exit.o)
                0x0000038a                . = ALIGN (0x2)
 *(.text.*)
 .text.libgcc   0x0000038a        0x0 c:/winavr-20100110/bin/../lib/gcc/avr/4.3.3/avr5\libgcc.a(_exit.o)
                0x0000038a                . = ALIGN (0x2)
 *(.fini9)
 .fini9         0x0000038a        0x0 c:/winavr-20100110/bin/../lib/gcc/avr/4.3.3/avr5\libgcc.a(_exit.o)
                0x0000038a                exit
                0x0000038a                _exit
 *(.fini9)
 *(.fini8)
 *(.fini8)
 *(.fini7)
 *(.fini7)
 *(.fini6)
 *(.fini6)
 *(.fini5)
 *(.fini5)
 *(.fini4)
 *(.fini4)
 *(.fini3)
 *(.fini3)
 *(.fini2)
 *(.fini2)
 *(.fini1)
 *(.fini1)
 *(.fini0)
 .fini0         0x0000038a        0x4 c:/winavr-20100110/bin/../lib/gcc/avr/4.3.3/avr5\libgcc.a(_exit.o)
 *(.fini0)
                0x0000038e                _etext = .

.data           0x00800100        0x0 load address 0x0000038e
                0x00800100                PROVIDE (__data_start, .)
 *(.data)
 .data          0x00800100        0x0 c:/winavr-20100110/bin/../lib/gcc/avr/4.3.3/../../../../avr/lib/avr5/crtm328p.o
 .data          0x00800100        0x0 IRComms.o
 .data          0x00800100        0x0 i2c_master.o
 .data          0x00800100        0x0 c:/winavr-20100110/bin/../lib/gcc/avr/4.3.3/avr5\libgcc.a(_exit.o)
 *(.data*)
 *(.rodata)
 *(.rodata*)
 *(.gnu.linkonce.d*)
                0x00800100                . = ALIGN (0x2)
                0x00800100                _edata = .
                0x00800100                PROVIDE (__data_end, .)

.bss            0x00800100        0x0
                0x00800100                PROVIDE (__bss_start, .)
 *(.bss)
 .bss           0x00800100        0x0 c:/winavr-20100110/bin/../lib/gcc/avr/4.3.3/../../../../avr/lib/avr5/crtm328p.o
 .bss           0x00800100        0x0 IRComms.o
 .bss           0x00800100        0x0 i2c_master.o
 .bss           0x00800100        0x0 c:/winavr-20100110/bin/../lib/gcc/avr/4.3.3/avr5\libgcc.a(_exit.o)
 *(.bss*)
 *(COMMON)
                0x00800100                PROVIDE (__bss_end, .)
                0x0000038e                __data_load_start = LOADADDR (.data)
                0x0000038e                __data_load_end = (__data_load_start + SIZEOF (.data))

.noinit         0x00800100        0x0
                0x00800100                PROVIDE (__noinit_start, .)
 *(.noinit*)
                0x00800100                PROVIDE (__noinit_end, .)
                0x00800100                _end = .
                0x00800100                PROVIDE (__heap_start, .)

.eeprom         0x00810000        0x0
 *(.eeprom*)
                0x00810000                __eeprom_end = .

.fuse
 *(.fuse)
 *(.lfuse)
 *(.hfuse)
 *(.efuse)

.lock
 *(.lock*)

.signature
 *(.signature*)

.stab
 *(.stab)

.stabstr
 *(.stabstr)

.stab.excl
 *(.stab.excl)

.stab.exclstr
 *(.stab.exclstr)

.stab.index
 *(.stab.index)

.stab.indexstr
 *(.stab.indexstr)

.comment
 *(.comment)

.debug
 *(.debug)

.line
 *(.line)

.debug_srcinfo
 *(.debug_srcinfo)

.debug_sfnames
 *(.debug_sfnames)

.debug_aranges  0x00000000       0x40
 *(.debug_aranges)
 .debug_aranges
                0x00000000       0x20 IRComms.o
 .debug_aranges
                0x00000020       0x20 i2c_master.o

.debug_pubnames
                0x00000000       0xe0
 *(.debug_pubnames)
 .debug_pubnames
                0x00000000       0x33 IRComms.o
 .debug_pubnames
                0x00000033       0xad i2c_master.o

.debug_info     0x00000000      0x5c5
 *(.debug_info)
 .debug_info    0x00000000      0x25c IRComms.o
 .debug_info    0x0000025c      0x369 i2c_master.o
 *(.gnu.linkonce.wi.*)

.debug_abbrev   0x00000000      0x22d
 *(.debug_abbrev)
 .debug_abbrev  0x00000000      0x145 IRComms.o
 .debug_abbrev  0x00000145       0xe8 i2c_master.o

.debug_line     0x00000000      0x567
 *(.debug_line)
 .debug_line    0x00000000      0x297 IRComms.o
 .debug_line    0x00000297      0x2d0 i2c_master.o

.debug_frame    0x00000000       0xf0
 *(.debug_frame)
 .debug_frame   0x00000000       0x40 IRComms.o
 .debug_frame   0x00000040       0xb0 i2c_master.o

.debug_str      0x00000000      0x1ba
 *(.debug_str)
 .debug_str     0x00000000      0x10e IRComms.o
                                0x147 (size before relaxing)
 .debug_str     0x0000010e       0xac i2c_master.o
                                0x163 (size before relaxing)

.debug_loc      0x00000000      0x335
 *(.debug_loc)
 .debug_loc     0x00000000       0xbb IRComms.o
 .debug_loc     0x000000bb      0x27a i2c_master.o

.debug_macinfo
 *(.debug_macinfo)
OUTPUT(IRComms.elf elf32-avr)
LOAD linker stubs

.debug_ranges   0x00000000       0x48
 .debug_ranges  0x00000000       0x48 IRComms.o
